
  .   ____          _            __ _ _
 /\\ / ___'_ __ _ _(_)_ __  __ _ \ \ \ \
( ( )\___ | '_ | '_| | '_ \/ _` | \ \ \ \
 \\/  ___)| |_)| | | | | || (_| |  ) ) ) )
  '  |____| .__|_| |_|_| |_\__, | / / / /
 =========|_|==============|___/=/_/_/_/

 :: Spring Boot ::               (v3.3.12)

2026-04-07T11:08:26.160+08:00  INFO 24540 --- [product_inventory] [           main] c.p.p.ProductInventoryApplication        : Starting ProductInventoryApplication v0.0.1-SNAPSHOT using Java 21.0.10 with PID 24540 (C:\Users\Lady Jane\Desktop\lala_product_inventory\target\product_inventory-0.0.1-SNAPSHOT.jar started by Lady Jane in C:\Users\Lady Jane\Desktop\lala_product_inventory)
2026-04-07T11:08:26.201+08:00  INFO 24540 --- [product_inventory] [           main] c.p.p.ProductInventoryApplication        : No active profile set, falling back to 1 default profile: "default"
2026-04-07T11:08:48.872+08:00  INFO 24540 --- [product_inventory] [           main] .s.d.r.c.RepositoryConfigurationDelegate : Bootstrapping Spring Data JPA repositories in DEFAULT mode.
2026-04-07T11:08:49.226+08:00  INFO 24540 --- [product_inventory] [           main] .s.d.r.c.RepositoryConfigurationDelegate : Finished Spring Data repository scanning in 320 ms. Found 2 JPA repository interfaces.
2026-04-07T11:08:58.880+08:00  INFO 24540 --- [product_inventory] [           main] o.s.b.w.embedded.tomcat.TomcatWebServer  : Tomcat initialized with port 8081 (http)
2026-04-07T11:08:58.985+08:00  INFO 24540 --- [product_inventory] [           main] o.apache.catalina.core.StandardService   : Starting service [Tomcat]
2026-04-07T11:08:58.997+08:00  INFO 24540 --- [product_inventory] [           main] o.apache.catalina.core.StandardEngine    : Starting Servlet engine: [Apache Tomcat/10.1.41]
2026-04-07T11:08:59.325+08:00  INFO 24540 --- [product_inventory] [           main] o.a.c.c.C.[Tomcat].[localhost].[/]       : Initializing Spring embedded WebApplicationContext
2026-04-07T11:08:59.329+08:00  INFO 24540 --- [product_inventory] [           main] w.s.c.ServletWebServerApplicationContext : Root WebApplicationContext: initialization completed in 32710 ms
2026-04-07T11:09:05.015+08:00  INFO 24540 --- [product_inventory] [           main] o.hibernate.jpa.internal.util.LogHelper  : HHH000204: Processing PersistenceUnitInfo [name: default]
2026-04-07T11:09:05.823+08:00  INFO 24540 --- [product_inventory] [           main] org.hibernate.Version                    : HHH000412: Hibernate ORM core version 6.5.3.Final
2026-04-07T11:09:06.193+08:00  INFO 24540 --- [product_inventory] [           main] o.h.c.internal.RegionFactoryInitiator    : HHH000026: Second-level cache disabled
2026-04-07T11:09:10.785+08:00  INFO 24540 --- [product_inventory] [           main] o.s.o.j.p.SpringPersistenceUnitInfo      : No LoadTimeWeaver setup: ignoring JPA class transformer
2026-04-07T11:09:11.049+08:00  INFO 24540 --- [product_inventory] [           main] com.zaxxer.hikari.HikariDataSource       : HikariPool-1 - Starting...
2026-04-07T11:09:14.885+08:00  INFO 24540 --- [product_inventory] [           main] com.zaxxer.hikari.pool.HikariPool        : HikariPool-1 - Added connection conn0: url=jdbc:h2:mem:product_inventory_db user=SA
2026-04-07T11:09:14.896+08:00  INFO 24540 --- [product_inventory] [           main] com.zaxxer.hikari.HikariDataSource       : HikariPool-1 - Start completed.
2026-04-07T11:09:15.070+08:00  WARN 24540 --- [product_inventory] [           main] org.hibernate.orm.deprecation            : HHH90000025: H2Dialect does not need to be specified explicitly using 'hibernate.dialect' (remove the property setting and it will be selected by default)
2026-04-07T11:09:28.561+08:00  INFO 24540 --- [product_inventory] [           main] o.h.e.t.j.p.i.JtaPlatformInitiator       : HHH000489: No JTA platform available (set 'hibernate.transaction.jta.platform' to enable JTA platform integration)
2026-04-07T11:09:28.655+08:00 DEBUG 24540 --- [product_inventory] [           main] org.hibernate.SQL                        : 
    drop table if exists products cascade 
Hibernate: 
    drop table if exists products cascade 
2026-04-07T11:09:28.693+08:00 DEBUG 24540 --- [product_inventory] [           main] org.hibernate.SQL                        : 
    drop table if exists users cascade 
Hibernate: 
    drop table if exists users cascade 
2026-04-07T11:09:28.707+08:00 DEBUG 24540 --- [product_inventory] [           main] org.hibernate.SQL                        : 
    create table products (
        price float(53) not null,
        quantity integer not null check (quantity>=0),
        created_at timestamp(6) not null,
        id bigint generated by default as identity,
        description varchar(1000),
        name varchar(255) not null,
        primary key (id)
    )
Hibernate: 
    create table products (
        price float(53) not null,
        quantity integer not null check (quantity>=0),
        created_at timestamp(6) not null,
        id bigint generated by default as identity,
        description varchar(1000),
        name varchar(255) not null,
        primary key (id)
    )
2026-04-07T11:09:28.780+08:00 DEBUG 24540 --- [product_inventory] [           main] org.hibernate.SQL                        : 
    create table users (
        id bigint generated by default as identity,
        password varchar(255) not null,
        username varchar(255) not null unique,
        primary key (id)
    )
Hibernate: 
    create table users (
        id bigint generated by default as identity,
        password varchar(255) not null,
        username varchar(255) not null unique,
        primary key (id)
    )
2026-04-07T11:09:28.807+08:00  INFO 24540 --- [product_inventory] [           main] j.LocalContainerEntityManagerFactoryBean : Initialized JPA EntityManagerFactory for persistence unit 'default'
2026-04-07T11:09:32.464+08:00  INFO 24540 --- [product_inventory] [           main] r$InitializeUserDetailsManagerConfigurer : Global AuthenticationManager configured with UserDetailsService bean with name customUserDetailsService
2026-04-07T11:09:43.169+08:00  WARN 24540 --- [product_inventory] [           main] JpaBaseConfiguration$JpaWebConfiguration : spring.jpa.open-in-view is enabled by default. Therefore, database queries may be performed during view rendering. Explicitly configure spring.jpa.open-in-view to disable this warning
2026-04-07T11:09:44.099+08:00  INFO 24540 --- [product_inventory] [           main] o.s.b.a.w.s.WelcomePageHandlerMapping    : Adding welcome page template: index
2026-04-07T11:09:51.565+08:00  INFO 24540 --- [product_inventory] [           main] o.s.b.a.e.web.EndpointLinksResolver      : Exposing 1 endpoint beneath base path '/actuator'
2026-04-07T11:09:57.823+08:00  INFO 24540 --- [product_inventory] [           main] o.s.b.a.h2.H2ConsoleAutoConfiguration    : H2 console available at '/h2-console'. Database available at 'jdbc:h2:mem:product_inventory_db'
2026-04-07T11:09:58.611+08:00  INFO 24540 --- [product_inventory] [           main] o.s.b.w.embedded.tomcat.TomcatWebServer  : Tomcat started on port 8081 (http) with context path '/'
2026-04-07T11:09:58.650+08:00  INFO 24540 --- [product_inventory] [           main] c.p.p.ProductInventoryApplication        : Started ProductInventoryApplication in 106.74 seconds (process running for 115.331)
2026-04-07T11:10:04.211+08:00 DEBUG 24540 --- [product_inventory] [           main] org.hibernate.SQL                        : 
    select
        u1_0.id,
        u1_0.password,
        u1_0.username 
    from
        users u1_0 
    where
        u1_0.username=?
Hibernate: 
    select
        u1_0.id,
        u1_0.password,
        u1_0.username 
    from
        users u1_0 
    where
        u1_0.username=?
2026-04-07T11:10:05.365+08:00 DEBUG 24540 --- [product_inventory] [           main] org.hibernate.SQL                        : 
    insert 
    into
        users
        (password, username, id) 
    values
        (?, ?, default)
Hibernate: 
    insert 
    into
        users
        (password, username, id) 
    values
        (?, ?, default)
2026-04-07T11:10:08.531+08:00 DEBUG 24540 --- [product_inventory] [           main] org.hibernate.SQL                        : 
    select
        u1_0.id,
        u1_0.password,
        u1_0.username 
    from
        users u1_0 
    where
        u1_0.username=?
Hibernate: 
    select
        u1_0.id,
        u1_0.password,
        u1_0.username 
    from
        users u1_0 
    where
        u1_0.username=?
2026-04-07T11:10:08.817+08:00 DEBUG 24540 --- [product_inventory] [           main] org.hibernate.SQL                        : 
    insert 
    into
        users
        (password, username, id) 
    values
        (?, ?, default)
Hibernate: 
    insert 
    into
        users
        (password, username, id) 
    values
        (?, ?, default)
2026-04-07T11:29:35.967+08:00  INFO 24540 --- [product_inventory] [nio-8081-exec-1] o.a.c.c.C.[Tomcat].[localhost].[/]       : Initializing Spring DispatcherServlet 'dispatcherServlet'
2026-04-07T11:29:35.979+08:00  INFO 24540 --- [product_inventory] [nio-8081-exec-1] o.s.web.servlet.DispatcherServlet        : Initializing Servlet 'dispatcherServlet'
2026-04-07T11:29:36.016+08:00  INFO 24540 --- [product_inventory] [nio-8081-exec-1] o.s.web.servlet.DispatcherServlet        : Completed initialization in 35 ms
2026-04-07T11:37:50.585+08:00  WARN 24540 --- [product_inventory] [nio-8081-exec-4] .w.s.m.s.DefaultHandlerExceptionResolver : Resolved [org.springframework.web.HttpRequestMethodNotSupportedException: Request method 'POST' is not supported]
2026-04-07T11:38:18.072+08:00  WARN 24540 --- [product_inventory] [nio-8081-exec-6] .w.s.m.s.DefaultHandlerExceptionResolver : Resolved [org.springframework.web.HttpRequestMethodNotSupportedException: Request method 'POST' is not supported]
2026-04-07T11:52:48.100+08:00 DEBUG 24540 --- [product_inventory] [nio-8081-exec-9] org.hibernate.SQL                        : 
    select
        u1_0.id,
        u1_0.password,
        u1_0.username 
    from
        users u1_0 
    where
        u1_0.username=?
Hibernate: 
    select
        u1_0.id,
        u1_0.password,
        u1_0.username 
    from
        users u1_0 
    where
        u1_0.username=?
2026-04-07T11:53:45.936+08:00 DEBUG 24540 --- [product_inventory] [nio-8081-exec-2] org.hibernate.SQL                        : 
    select
        u1_0.id,
        u1_0.password,
        u1_0.username 
    from
        users u1_0 
    where
        u1_0.username=?
Hibernate: 
    select
        u1_0.id,
        u1_0.password,
        u1_0.username 
    from
        users u1_0 
    where
        u1_0.username=?
2026-04-07T11:56:22.419+08:00 DEBUG 24540 --- [product_inventory] [nio-8081-exec-4] org.hibernate.SQL                        : 
    select
        u1_0.id,
        u1_0.password,
        u1_0.username 
    from
        users u1_0 
    where
        u1_0.username=?
Hibernate: 
    select
        u1_0.id,
        u1_0.password,
        u1_0.username 
    from
        users u1_0 
    where
        u1_0.username=?
2026-04-07T11:56:22.946+08:00  WARN 24540 --- [product_inventory] [nio-8081-exec-4] .w.s.m.s.DefaultHandlerExceptionResolver : Resolved [org.springframework.web.method.annotation.MethodArgumentTypeMismatchException: Method parameter 'id': Failed to convert value of type 'java.lang.String' to required type 'java.lang.Long'; For input string: "new"]
2026-04-07T12:06:20.998+08:00  WARN 24540 --- [product_inventory] [nio-8081-exec-3] .w.s.m.s.DefaultHandlerExceptionResolver : Resolved [org.springframework.web.HttpRequestMethodNotSupportedException: Request method 'GET' is not supported]
2026-04-07T12:06:37.546+08:00  WARN 24540 --- [product_inventory] [nio-8081-exec-5] .w.s.m.s.DefaultHandlerExceptionResolver : Resolved [org.springframework.web.HttpRequestMethodNotSupportedException: Request method 'GET' is not supported]
2026-04-07T12:07:52.926+08:00 DEBUG 24540 --- [product_inventory] [nio-8081-exec-6] org.hibernate.SQL                        : 
    select
        u1_0.id,
        u1_0.password,
        u1_0.username 
    from
        users u1_0 
    where
        u1_0.username=?
Hibernate: 
    select
        u1_0.id,
        u1_0.password,
        u1_0.username 
    from
        users u1_0 
    where
        u1_0.username=?
2026-04-07T12:07:53.033+08:00  WARN 24540 --- [product_inventory] [nio-8081-exec-6] .w.s.m.s.DefaultHandlerExceptionResolver : Resolved [org.springframework.web.method.annotation.MethodArgumentTypeMismatchException: Method parameter 'id': Failed to convert value of type 'java.lang.String' to required type 'java.lang.Long'; For input string: "new"]
2026-04-07T12:08:17.742+08:00 DEBUG 24540 --- [product_inventory] [nio-8081-exec-7] org.hibernate.SQL                        : 
    select
        u1_0.id,
        u1_0.password,
        u1_0.username 
    from
        users u1_0 
    where
        u1_0.username=?
Hibernate: 
    select
        u1_0.id,
        u1_0.password,
        u1_0.username 
    from
        users u1_0 
    where
        u1_0.username=?
2026-04-07T12:08:18.152+08:00  WARN 24540 --- [product_inventory] [nio-8081-exec-7] .w.s.m.s.DefaultHandlerExceptionResolver : Resolved [org.springframework.web.method.annotation.MethodArgumentTypeMismatchException: Method parameter 'id': Failed to convert value of type 'java.lang.String' to required type 'java.lang.Long'; For input string: "new"]
2026-04-07T12:19:11.631+08:00  WARN 24540 --- [product_inventory] [io-8081-exec-10] .w.s.m.s.DefaultHandlerExceptionResolver : Resolved [org.springframework.http.converter.HttpMessageNotReadableException: Required request body is missing: public org.springframework.http.ResponseEntity<?> com.productinventory.product_inventory.controller.AuthController.login(com.productinventory.product_inventory.dto.AuthRequest)]
2026-04-07T12:19:53.809+08:00 DEBUG 24540 --- [product_inventory] [nio-8081-exec-9] org.hibernate.SQL                        : 
    select
        u1_0.id,
        u1_0.password,
        u1_0.username 
    from
        users u1_0 
    where
        u1_0.username=?
Hibernate: 
    select
        u1_0.id,
        u1_0.password,
        u1_0.username 
    from
        users u1_0 
    where
        u1_0.username=?
2026-04-07T12:21:50.633+08:00 DEBUG 24540 --- [product_inventory] [nio-8081-exec-1] org.hibernate.SQL                        : 
    select
        u1_0.id,
        u1_0.password,
        u1_0.username 
    from
        users u1_0 
    where
        u1_0.username=?
Hibernate: 
    select
        u1_0.id,
        u1_0.password,
        u1_0.username 
    from
        users u1_0 
    where
        u1_0.username=?
2026-04-07T12:21:51.585+08:00 DEBUG 24540 --- [product_inventory] [nio-8081-exec-1] org.hibernate.SQL                        : 
    select
        p1_0.id,
        p1_0.created_at,
        p1_0.description,
        p1_0.name,
        p1_0.price,
        p1_0.quantity 
    from
        products p1_0
Hibernate: 
    select
        p1_0.id,
        p1_0.created_at,
        p1_0.description,
        p1_0.name,
        p1_0.price,
        p1_0.quantity 
    from
        products p1_0
2026-04-07T12:22:37.178+08:00 DEBUG 24540 --- [product_inventory] [nio-8081-exec-3] org.hibernate.SQL                        : 
    select
        u1_0.id,
        u1_0.password,
        u1_0.username 
    from
        users u1_0 
    where
        u1_0.username=?
Hibernate: 
    select
        u1_0.id,
        u1_0.password,
        u1_0.username 
    from
        users u1_0 
    where
        u1_0.username=?
2026-04-07T12:22:42.154+08:00 DEBUG 24540 --- [product_inventory] [nio-8081-exec-3] org.hibernate.SQL                        : 
    insert 
    into
        products
        (created_at, description, name, price, quantity, id) 
    values
        (?, ?, ?, ?, ?, default)
Hibernate: 
    insert 
    into
        products
        (created_at, description, name, price, quantity, id) 
    values
        (?, ?, ?, ?, ?, default)
2026-04-07T12:22:42.355+08:00  WARN 24540 --- [product_inventory] [nio-8081-exec-3] o.h.engine.jdbc.spi.SqlExceptionHelper   : SQL Error: 23502, SQLState: 23502
2026-04-07T12:22:42.367+08:00 ERROR 24540 --- [product_inventory] [nio-8081-exec-3] o.h.engine.jdbc.spi.SqlExceptionHelper   : NULL not allowed for column "CREATED_AT"; SQL statement:
insert into products (created_at,description,name,price,quantity,id) values (?,?,?,?,?,default) [23502-224]
2026-04-07T12:28:04.299+08:00 DEBUG 24540 --- [product_inventory] [nio-8081-exec-6] org.hibernate.SQL                        : 
    select
        u1_0.id,
        u1_0.password,
        u1_0.username 
    from
        users u1_0 
    where
        u1_0.username=?
Hibernate: 
    select
        u1_0.id,
        u1_0.password,
        u1_0.username 
    from
        users u1_0 
    where
        u1_0.username=?
2026-04-07T12:28:05.369+08:00 DEBUG 24540 --- [product_inventory] [nio-8081-exec-6] org.hibernate.SQL                        : 
    insert 
    into
        products
        (created_at, description, name, price, quantity, id) 
    values
        (?, ?, ?, ?, ?, default)
Hibernate: 
    insert 
    into
        products
        (created_at, description, name, price, quantity, id) 
    values
        (?, ?, ?, ?, ?, default)
2026-04-07T12:28:05.383+08:00  WARN 24540 --- [product_inventory] [nio-8081-exec-6] o.h.engine.jdbc.spi.SqlExceptionHelper   : SQL Error: 23502, SQLState: 23502
2026-04-07T12:28:05.384+08:00 ERROR 24540 --- [product_inventory] [nio-8081-exec-6] o.h.engine.jdbc.spi.SqlExceptionHelper   : NULL not allowed for column "CREATED_AT"; SQL statement:
insert into products (created_at,description,name,price,quantity,id) values (?,?,?,?,?,default) [23502-224]
2026-04-07T12:33:50.661+08:00 DEBUG 24540 --- [product_inventory] [nio-8081-exec-2] org.hibernate.SQL                        : 
    select
        u1_0.id,
        u1_0.password,
        u1_0.username 
    from
        users u1_0 
    where
        u1_0.username=?
Hibernate: 
    select
        u1_0.id,
        u1_0.password,
        u1_0.username 
    from
        users u1_0 
    where
        u1_0.username=?
2026-04-07T12:33:56.280+08:00 DEBUG 24540 --- [product_inventory] [nio-8081-exec-2] org.hibernate.SQL                        : 
    insert 
    into
        products
        (created_at, description, name, price, quantity, id) 
    values
        (?, ?, ?, ?, ?, default)
Hibernate: 
    insert 
    into
        products
        (created_at, description, name, price, quantity, id) 
    values
        (?, ?, ?, ?, ?, default)
2026-04-07T12:33:56.866+08:00  WARN 24540 --- [product_inventory] [nio-8081-exec-2] o.h.engine.jdbc.spi.SqlExceptionHelper   : SQL Error: 23502, SQLState: 23502
2026-04-07T12:33:56.989+08:00 ERROR 24540 --- [product_inventory] [nio-8081-exec-2] o.h.engine.jdbc.spi.SqlExceptionHelper   : NULL not allowed for column "CREATED_AT"; SQL statement:
insert into products (created_at,description,name,price,quantity,id) values (?,?,?,?,?,default) [23502-224]
2026-04-07T12:36:27.433+08:00  WARN 24540 --- [product_inventory] [nio-8081-exec-5] .w.s.m.s.DefaultHandlerExceptionResolver : Resolved [org.springframework.web.HttpRequestMethodNotSupportedException: Request method 'GET' is not supported]
2026-04-07T12:37:41.263+08:00  WARN 24540 --- [product_inventory] [nio-8081-exec-6] .w.s.m.s.DefaultHandlerExceptionResolver : Resolved [org.springframework.web.HttpRequestMethodNotSupportedException: Request method 'GET' is not supported]
2026-04-07T12:46:07.320+08:00 DEBUG 24540 --- [product_inventory] [nio-8081-exec-4] org.hibernate.SQL                        : 
    select
        u1_0.id,
        u1_0.password,
        u1_0.username 
    from
        users u1_0 
    where
        u1_0.username=?
Hibernate: 
    select
        u1_0.id,
        u1_0.password,
        u1_0.username 
    from
        users u1_0 
    where
        u1_0.username=?
2026-04-07T12:49:22.782+08:00 DEBUG 24540 --- [product_inventory] [io-8081-exec-10] org.hibernate.SQL                        : 
    select
        u1_0.id,
        u1_0.password,
        u1_0.username 
    from
        users u1_0 
    where
        u1_0.username=?
Hibernate: 
    select
        u1_0.id,
        u1_0.password,
        u1_0.username 
    from
        users u1_0 
    where
        u1_0.username=?
2026-04-07T12:49:23.392+08:00 DEBUG 24540 --- [product_inventory] [io-8081-exec-10] org.hibernate.SQL                        : 
    insert 
    into
        products
        (created_at, description, name, price, quantity, id) 
    values
        (?, ?, ?, ?, ?, default)
Hibernate: 
    insert 
    into
        products
        (created_at, description, name, price, quantity, id) 
    values
        (?, ?, ?, ?, ?, default)
2026-04-07T12:49:23.402+08:00  WARN 24540 --- [product_inventory] [io-8081-exec-10] o.h.engine.jdbc.spi.SqlExceptionHelper   : SQL Error: 23502, SQLState: 23502
2026-04-07T12:49:23.421+08:00 ERROR 24540 --- [product_inventory] [io-8081-exec-10] o.h.engine.jdbc.spi.SqlExceptionHelper   : NULL not allowed for column "CREATED_AT"; SQL statement:
insert into products (created_at,description,name,price,quantity,id) values (?,?,?,?,?,default) [23502-224]
2026-04-07T12:52:19.879+08:00 DEBUG 24540 --- [product_inventory] [nio-8081-exec-3] org.hibernate.SQL                        : 
    select
        u1_0.id,
        u1_0.password,
        u1_0.username 
    from
        users u1_0 
    where
        u1_0.username=?
Hibernate: 
    select
        u1_0.id,
        u1_0.password,
        u1_0.username 
    from
        users u1_0 
    where
        u1_0.username=?
2026-04-07T12:52:19.942+08:00 DEBUG 24540 --- [product_inventory] [nio-8081-exec-3] org.hibernate.SQL                        : 
    insert 
    into
        products
        (created_at, description, name, price, quantity, id) 
    values
        (?, ?, ?, ?, ?, default)
Hibernate: 
    insert 
    into
        products
        (created_at, description, name, price, quantity, id) 
    values
        (?, ?, ?, ?, ?, default)
2026-04-07T12:52:19.946+08:00  WARN 24540 --- [product_inventory] [nio-8081-exec-3] o.h.engine.jdbc.spi.SqlExceptionHelper   : SQL Error: 23502, SQLState: 23502
2026-04-07T12:52:19.946+08:00 ERROR 24540 --- [product_inventory] [nio-8081-exec-3] o.h.engine.jdbc.spi.SqlExceptionHelper   : NULL not allowed for column "CREATED_AT"; SQL statement:
insert into products (created_at,description,name,price,quantity,id) values (?,?,?,?,?,default) [23502-224]
2026-04-07T12:54:09.419+08:00 DEBUG 24540 --- [product_inventory] [nio-8081-exec-4] org.hibernate.SQL                        : 
    select
        u1_0.id,
        u1_0.password,
        u1_0.username 
    from
        users u1_0 
    where
        u1_0.username=?
Hibernate: 
    select
        u1_0.id,
        u1_0.password,
        u1_0.username 
    from
        users u1_0 
    where
        u1_0.username=?
2026-04-07T12:54:09.433+08:00 DEBUG 24540 --- [product_inventory] [nio-8081-exec-4] org.hibernate.SQL                        : 
    insert 
    into
        products
        (created_at, description, name, price, quantity, id) 
    values
        (?, ?, ?, ?, ?, default)
Hibernate: 
    insert 
    into
        products
        (created_at, description, name, price, quantity, id) 
    values
        (?, ?, ?, ?, ?, default)
2026-04-07T12:54:09.448+08:00  WARN 24540 --- [product_inventory] [nio-8081-exec-4] o.h.engine.jdbc.spi.SqlExceptionHelper   : SQL Error: 23502, SQLState: 23502
2026-04-07T12:54:09.449+08:00 ERROR 24540 --- [product_inventory] [nio-8081-exec-4] o.h.engine.jdbc.spi.SqlExceptionHelper   : NULL not allowed for column "CREATED_AT"; SQL statement:
insert into products (created_at,description,name,price,quantity,id) values (?,?,?,?,?,default) [23502-224]
2026-04-07T12:54:52.882+08:00 DEBUG 24540 --- [product_inventory] [nio-8081-exec-8] org.hibernate.SQL                        : 
    insert 
    into
        products
        (created_at, description, name, price, quantity, id) 
    values
        (?, ?, ?, ?, ?, default)
Hibernate: 
    insert 
    into
        products
        (created_at, description, name, price, quantity, id) 
    values
        (?, ?, ?, ?, ?, default)
2026-04-07T12:54:52.882+08:00  WARN 24540 --- [product_inventory] [nio-8081-exec-8] o.h.engine.jdbc.spi.SqlExceptionHelper   : SQL Error: 23502, SQLState: 23502
2026-04-07T12:54:52.882+08:00 ERROR 24540 --- [product_inventory] [nio-8081-exec-8] o.h.engine.jdbc.spi.SqlExceptionHelper   : NULL not allowed for column "CREATED_AT"; SQL statement:
insert into products (created_at,description,name,price,quantity,id) values (?,?,?,?,?,default) [23502-224]
